Collecting pysr==1.5.10
  Downloading pysr-1.5.10-py3-none-any.whl.metadata (54 kB)
Collecting click<9.0.0,>=7.0.0 (from pysr==1.5.10)
  Downloading click-8.5.0-py3-none-any.whl.metadata (2.6 kB)
Collecting juliacall<0.9.27,>=0.9.24 (from pysr==1.5.10)
  Downloading juliacall-0.9.26-py3-none-any.whl.metadata (4.5 kB)
Collecting numpy<3.0.0,>=1.13.0 (from pysr==1.5.10)
  Downloading numpy-2.5.3-cp312-cp312-manylinux_2_27_x86_64.manylinux_2_28_x86_64.whl.metadata (6.6 kB)
Collecting pandas<4.0.0,>=0.21.0 (from pysr==1.5.10)
  Downloading pandas-3.0.5-cp312-cp312-manylinux_2_24_x86_64.manylinux_2_28_x86_64.whl.metadata (79 kB)
Collecting scikit-learn<2.0.0,>=1.0.0 (from pysr==1.5.10)
  Downloading scikit_learn-1.9.1-cp312-cp312-manylinux_2_27_x86_64.manylinux_2_28_x86_64.whl.metadata (9.3 kB)
Collecting sympy<2.0.0,>=1.0.0 (from pysr==1.5.10)
  Downloading sympy-1.14.0-py3-none-any.whl.metadata (12 kB)
Collecting typing-extensions<5.0.0,>=4.0.0 (from pysr==1.5.10)
  Downloading typing_extensions-4.16.0-py3-none-any.whl.metadata (3.3 kB)
Collecting juliapkg<0.2,>=0.1.17 (from juliacall<0.9.27,>=0.9.24->pysr==1.5.10)
  Downloading juliapkg-0.1.26-py3-none-any.whl.metadata (7.3 kB)
Collecting python-dateutil>=2.8.2 (from pandas<4.0.0,>=0.21.0->pysr==1.5.10)
  Downloading python_dateutil-2.9.0.post0-py2.py3-none-any.whl.metadata (8.4 kB)
Collecting scipy>=1.10.0 (from scikit-learn<2.0.0,>=1.0.0->pysr==1.5.10)
  Downloading scipy-1.18.1-cp312-cp312-manylinux_2_27_x86_64.manylinux_2_28_x86_64.whl.metadata (62 kB)
Collecting joblib>=1.4.0 (from scikit-learn<2.0.0,>=1.0.0->pysr==1.5.10)
  Downloading joblib-1.6.0-py3-none-any.whl.metadata (6.5 kB)
Collecting narwhals>=2.0.1 (from scikit-learn<2.0.0,>=1.0.0->pysr==1.5.10)
  Downloading narwhals-2.26.0-py3-none-any.whl.metadata (15 kB)
Collecting threadpoolctl>=3.5.0 (from scikit-learn<2.0.0,>=1.0.0->pysr==1.5.10)
  Downloading threadpoolctl-3.7.0-py3-none-any.whl.metadata (24 kB)
Collecting mpmath<1.4,>=1.1.0 (from sympy<2.0.0,>=1.0.0->pysr==1.5.10)
  Downloading mpmath-1.3.0-py3-none-any.whl.metadata (8.6 kB)
Collecting cloudpickle>=3.0 (from joblib>=1.4.0->scikit-learn<2.0.0,>=1.0.0->pysr==1.5.10)
  Downloading cloudpickle-3.1.2-py3-none-any.whl.metadata (7.1 kB)
Collecting filelock<4.0,>=3.16 (from juliapkg<0.2,>=0.1.17->juliacall<0.9.27,>=0.9.24->pysr==1.5.10)
  Downloading filelock-3.32.7-py3-none-any.whl.metadata (2.0 kB)
Collecting semver<4.0,>=3.0 (from juliapkg<0.2,>=0.1.17->juliacall<0.9.27,>=0.9.24->pysr==1.5.10)
  Downloading semver-3.1.0-py3-none-any.whl.metadata (6.9 kB)
Collecting tomli<3.0,>=2.0 (from juliapkg<0.2,>=0.1.17->juliacall<0.9.27,>=0.9.24->pysr==1.5.10)
  Downloading tomli-2.4.1-cp312-cp312-manylinux2014_x86_64.manylinux_2_17_x86_64.manylinux_2_28_x86_64.whl.metadata (10 kB)
Collecting tomlkit<0.16,>=0.13.3 (from juliapkg<0.2,>=0.1.17->juliacall<0.9.27,>=0.9.24->pysr==1.5.10)
  Downloading tomlkit-0.15.1-py3-none-any.whl.metadata (3.3 kB)
Collecting six>=1.5 (from python-dateutil>=2.8.2->pandas<4.0.0,>=0.21.0->pysr==1.5.10)
  Downloading six-1.17.0-py2.py3-none-any.whl.metadata (1.7 kB)
Downloading pysr-1.5.10-py3-none-any.whl (99 kB)
Downloading click-8.5.0-py3-none-any.whl (125 kB)
Downloading juliacall-0.9.26-py3-none-any.whl (12 kB)
Downloading numpy-2.5.3-cp312-cp312-manylinux_2_27_x86_64.manylinux_2_28_x86_64.whl (16.7 MB)
   ━━━━━━━━━━━━━━━━━━━━━━━━━━━━━━━━━━━━━━━━ 16.7/16.7 MB 14.3 MB/s eta 0:00:00
Downloading pandas-3.0.5-cp312-cp312-manylinux_2_24_x86_64.manylinux_2_28_x86_64.whl (11.0 MB)
   ━━━━━━━━━━━━━━━━━━━━━━━━━━━━━━━━━━━━━━━━ 11.0/11.0 MB 14.5 MB/s eta 0:00:00
Downloading scikit_learn-1.9.1-cp312-cp312-manylinux_2_27_x86_64.manylinux_2_28_x86_64.whl (9.2 MB)
   ━━━━━━━━━━━━━━━━━━━━━━━━━━━━━━━━━━━━━━━━ 9.2/9.2 MB 14.9 MB/s eta 0:00:00
Downloading sympy-1.14.0-py3-none-any.whl (6.3 MB)
   ━━━━━━━━━━━━━━━━━━━━━━━━━━━━━━━━━━━━━━━━ 6.3/6.3 MB 17.5 MB/s eta 0:00:00
Downloading typing_extensions-4.16.0-py3-none-any.whl (45 kB)
Downloading joblib-1.6.0-py3-none-any.whl (306 kB)
Downloading juliapkg-0.1.26-py3-none-any.whl (22 kB)
Downloading mpmath-1.3.0-py3-none-any.whl (536 kB)
   ━━━━━━━━━━━━━━━━━━━━━━━━━━━━━━━━━━━━━━━━ 536.2/536.2 kB 6.0 MB/s eta 0:00:00
Downloading narwhals-2.26.0-py3-none-any.whl (474 kB)
Downloading python_dateutil-2.9.0.post0-py2.py3-none-any.whl (229 kB)
Downloading scipy-1.18.1-cp312-cp312-manylinux_2_27_x86_64.manylinux_2_28_x86_64.whl (35.3 MB)
   ━━━━━━━━━━━━━━━━━━━━━━━━━━━━━━━━━━━━━━━━ 35.3/35.3 MB 13.6 MB/s eta 0:00:00
Downloading threadpoolctl-3.7.0-py3-none-any.whl (26 kB)
Downloading cloudpickle-3.1.2-py3-none-any.whl (22 kB)
Downloading filelock-3.32.7-py3-none-any.whl (100 kB)
Downloading semver-3.1.0-py3-none-any.whl (18 kB)
Downloading six-1.17.0-py2.py3-none-any.whl (11 kB)
Downloading tomli-2.4.1-cp312-cp312-manylinux2014_x86_64.manylinux_2_17_x86_64.manylinux_2_28_x86_64.whl (253 kB)
Downloading tomlkit-0.15.1-py3-none-any.whl (49 kB)
Installing collected packages: mpmath, typing-extensions, tomlkit, tomli, threadpoolctl, sympy, six, semver, numpy, narwhals, filelock, cloudpickle, click, scipy, python-dateutil, juliapkg, joblib, scikit-learn, pandas, juliacall, pysr
Successfully installed click-8.5.0 cloudpickle-3.1.2 filelock-3.32.7 joblib-1.6.0 juliacall-0.9.26 juliapkg-0.1.26 mpmath-1.3.0 narwhals-2.26.0 numpy-2.5.3 pandas-3.0.5 pysr-1.5.10 python-dateutil-2.9.0.post0 scikit-learn-1.9.1 scipy-1.18.1 semver-3.1.0 six-1.17.0 sympy-1.14.0 threadpoolctl-3.7.0 tomli-2.4.1 tomlkit-0.15.1 typing-extensions-4.16.0
